// Jest Snapshot v1, https://goo.gl/fbAQLP

exports[`Pruyebas de <FirstApp /> debe de hacer match con el snapshot 1`] = `
<div>
  <h1
    data-testid="test-title"
  >
    Hola, soy Goku
  </h1>
  <p>
    No hay subTitle
  </p>
  <p>
    No hay subTitle
  </p>
  <p>
    Jose Tejada
  </p>
</div>
`;
